\BOOKMARK [0][-]{chapter*.1}{\376\377\000R\000e\000m\000e\000r\000c\000i\000e\000m\000e\000n\000t\000s}{}% 1
\BOOKMARK [0][-]{chapter.1}{\376\377\000I\000n\000t\000r\000o\000d\000u\000c\000t\000i\000o\000n}{}% 2
\BOOKMARK [1][-]{section.1.1}{\376\377\000P\000r\000\351\000s\000e\000n\000t\000a\000t\000i\000o\000n\000\040\000p\000e\000r\000s\000o\000n\000n\000e\000l\000l\000e}{chapter.1}% 3
\BOOKMARK [1][-]{section.1.2}{\376\377\000P\000r\000\351\000s\000e\000n\000t\000a\000t\000i\000o\000n\000\040\000d\000e\000\040\000l\000'\000e\000n\000t\000r\000e\000p\000r\000i\000s\000e\000\040\000d\000'\000a\000c\000c\000u\000e\000i\000l}{chapter.1}% 4
\BOOKMARK [1][-]{section.1.3}{\376\377\000P\000r\000\351\000s\000e\000n\000t\000a\000t\000i\000o\000n\000\040\000d\000u\000\040\000c\000l\000i\000e\000n\000t\000\040\000F\000P\000G\000\040\000e\000t\000\040\000d\000u\000\040\000c\000o\000n\000t\000e\000x\000t\000e\000\040\000m\000\351\000t\000i\000e\000r}{chapter.1}% 5
\BOOKMARK [1][-]{section.1.4}{\376\377\000A\000n\000n\000o\000n\000c\000e\000\040\000d\000u\000\040\000p\000l\000a\000n}{chapter.1}% 6
\BOOKMARK [0][-]{chapter.2}{\376\377\000M\000\351\000t\000h\000o\000d\000o\000l\000o\000g\000i\000e\000\040\000e\000t\000\040\000e\000n\000v\000i\000r\000o\000n\000n\000e\000m\000e\000n\000t\000\040\000d\000e\000\040\000t\000r\000a\000v\000a\000i\000l}{}% 7
\BOOKMARK [1][-]{section.2.1}{\376\377\000M\000\351\000t\000h\000o\000d\000o\000l\000o\000g\000i\000e\000\040\000d\000e\000\040\000t\000r\000a\000v\000a\000i\000l}{chapter.2}% 8
\BOOKMARK [2][-]{subsection.2.1.1}{\376\377\000O\000r\000g\000a\000n\000i\000s\000a\000t\000i\000o\000n\000\040\000G\000i\000t\000\040\000d\000\351\000d\000i\000\351\000e\000\040\000\340\000\040\000l\000a\000\040\000f\000o\000n\000c\000t\000i\000o\000n\000n\000a\000l\000i\000t\000\351\000\040\000d\000'\000h\000i\000s\000t\000o\000r\000i\000s\000a\000t\000i\000o\000n}{section.2.1}% 9
\BOOKMARK [2][-]{subsection.2.1.2}{\376\377\000M\000\351\000t\000h\000o\000d\000e\000\040\000d\000e\000\040\000t\000r\000a\000v\000a\000i\000l\000\040\000p\000e\000r\000s\000o\000n\000n\000e\000l\000l\000e\000\040\000p\000a\000r\000\040\000U\000s\000e\000r\000\040\000S\000t\000o\000r\000y}{section.2.1}% 10
\BOOKMARK [1][-]{section.2.2}{\376\377\000S\000t\000a\000c\000k\000\040\000t\000e\000c\000h\000n\000i\000q\000u\000e}{chapter.2}% 11
\BOOKMARK [2][-]{subsection.2.2.1}{\376\377\000D\000\351\000v\000e\000l\000o\000p\000p\000e\000m\000e\000n\000t}{section.2.2}% 12
\BOOKMARK [2][-]{subsection.2.2.2}{\376\377\000F\000r\000o\000n\000t\000e\000n\000d}{section.2.2}% 13
\BOOKMARK [2][-]{subsection.2.2.3}{\376\377\000B\000a\000c\000k\000e\000n\000d}{section.2.2}% 14
\BOOKMARK [2][-]{subsection.2.2.4}{\376\377\000B\000a\000s\000e\000\040\000d\000e\000\040\000d\000o\000n\000n\000\351\000e\000s}{section.2.2}% 15
\BOOKMARK [2][-]{subsection.2.2.5}{\376\377\000D\000e\000v\000O\000p\000s\000\040\000e\000t\000\040\000i\000n\000f\000r\000a\000s\000t\000r\000u\000c\000t\000u\000r\000e}{section.2.2}% 16
\BOOKMARK [2][-]{subsection.2.2.6}{\376\377\000O\000u\000t\000i\000l\000s\000\040\000d\000\351\000c\000o\000u\000v\000e\000r\000t\000s\000\040\000p\000e\000n\000d\000a\000n\000t\000\040\000l\000e\000\040\000s\000t\000a\000g\000e}{section.2.2}% 17
\BOOKMARK [1][-]{section.2.3}{\376\377\000A\000r\000c\000h\000i\000t\000e\000c\000t\000u\000r\000e\000\040\000g\000\351\000n\000\351\000r\000a\000l\000e\000\040\000d\000u\000\040\000p\000r\000o\000j\000e\000t}{chapter.2}% 18
\BOOKMARK [0][-]{chapter.3}{\376\377\000P\000r\000\351\000s\000e\000n\000t\000a\000t\000i\000o\000n\000\040\000f\000o\000n\000c\000t\000i\000o\000n\000n\000e\000l\000l\000e\000\040\000d\000u\000\040\000l\000o\000g\000i\000c\000i\000e\000l\000\040\000F\000P\000G}{}% 19
\BOOKMARK [1][-]{section.3.1}{\376\377\000D\000e\000u\000x\000\040\000i\000n\000t\000e\000r\000f\000a\000c\000e\000s\000\040\000d\000i\000s\000t\000i\000n\000c\000t\000e\000s}{chapter.3}% 20
\BOOKMARK [2][-]{subsection.3.1.1}{\376\377\000I\000n\000t\000e\000r\000f\000a\000c\000e\000\040\000A\000d\000h\000\351\000r\000e\000n\000t}{section.3.1}% 21
\BOOKMARK [2][-]{subsection.3.1.2}{\376\377\000I\000n\000t\000e\000r\000f\000a\000c\000e\000\040\000C\000o\000l\000l\000a\000b\000o\000r\000a\000t\000e\000u\000r}{section.3.1}% 22
\BOOKMARK [1][-]{section.3.2}{\376\377\000C\000o\000n\000n\000e\000x\000i\000o\000n\000\040\000e\000t\000\040\000r\000e\000d\000i\000r\000e\000c\000t\000i\000o\000n}{chapter.3}% 23
\BOOKMARK [1][-]{section.3.3}{\376\377\000L\000i\000s\000t\000e\000\040\000d\000e\000s\000\040\000d\000e\000m\000a\000n\000d\000e\000s\000\040\000d\000e\000\040\000f\000i\000n\000a\000n\000c\000e\000m\000e\000n\000t}{chapter.3}% 24
\BOOKMARK [1][-]{section.3.4}{\376\377\000C\000y\000c\000l\000e\000\040\000d\000e\000\040\000v\000i\000e\000\040\000d\000'\000u\000n\000e\000\040\000d\000e\000m\000a\000n\000d\000e\000\040\000d\000e\000\040\000f\000i\000n\000a\000n\000c\000e\000m\000e\000n\000t}{chapter.3}% 25
\BOOKMARK [2][-]{subsection.3.4.1}{\376\377\000F\000l\000u\000x\000\040\000d\000e\000s\000\040\000s\000t\000a\000t\000u\000t\000s}{section.3.4}% 26
\BOOKMARK [2][-]{subsection.3.4.2}{\376\377\000V\000e\000r\000r\000o\000u\000i\000l\000l\000a\000g\000e\000\040\000d\000e\000s\000\040\000o\000n\000g\000l\000e\000t\000s\000\040\000s\000e\000l\000o\000n\000\040\000l\000e\000\040\000s\000t\000a\000t\000u\000t}{section.3.4}% 27
\BOOKMARK [0][-]{chapter.4}{\376\377\000M\000i\000s\000s\000i\000o\000n\000\040\000p\000r\000i\000n\000c\000i\000p\000a\000l\000e\000\040\000:\000\040\000l\000'\000h\000i\000s\000t\000o\000r\000i\000s\000a\000t\000i\000o\000n\000\040\000d\000e\000s\000\040\000m\000o\000d\000i\000f\000i\000c\000a\000t\000i\000o\000n\000s}{}% 28
\BOOKMARK [1][-]{section.4.1}{\376\377\000C\000o\000n\000t\000e\000x\000t\000e\000\040\000e\000t\000\040\000b\000e\000s\000o\000i\000n\000\040\000m\000\351\000t\000i\000e\000r}{chapter.4}% 29
\BOOKMARK [1][-]{section.4.2}{\376\377\000C\000h\000o\000i\000x\000\040\000t\000e\000c\000h\000n\000i\000q\000u\000e\000s}{chapter.4}% 30
\BOOKMARK [2][-]{subsection.4.2.1}{\376\377\000d\000j\000a\000n\000g\000o\000-\000s\000i\000m\000p\000l\000e\000-\000h\000i\000s\000t\000o\000r\000y}{section.4.2}% 31
\BOOKMARK [2][-]{subsection.4.2.2}{\376\377\000L\000e\000\040\000H\000i\000s\000t\000o\000r\000y\000S\000e\000r\000v\000i\000c\000e}{section.4.2}% 32
\BOOKMARK [2][-]{subsection.4.2.3}{\376\377\000S\000y\000s\000t\000\350\000m\000e\000\040\000d\000e\000\040\000s\000n\000a\000p\000s\000h\000o\000t\000s}{section.4.2}% 33
\BOOKMARK [1][-]{section.4.3}{\376\377\000T\000r\000o\000i\000s\000\040\000h\000i\000s\000t\000o\000r\000i\000q\000u\000e\000s\000\040\000d\000i\000s\000t\000i\000n\000c\000t\000s\000\040\000\340\000\040\000m\000e\000t\000t\000r\000e\000\040\000e\000n\000\040\000p\000l\000a\000c\000e}{chapter.4}% 34
\BOOKMARK [1][-]{section.4.4}{\376\377\000H\000i\000s\000t\000o\000r\000i\000q\000u\000e\000\040\000d\000e\000s\000\040\000m\000o\000d\000i\000f\000i\000c\000a\000t\000i\000o\000n\000s\000\040\000d\000'\000u\000n\000e\000\040\000d\000e\000m\000a\000n\000d\000e\000\040\000d\000e\000\040\000f\000i\000n\000a\000n\000c\000e\000m\000e\000n\000t}{chapter.4}% 35
\BOOKMARK [2][-]{subsection.4.4.1}{\376\377\000O\000n\000g\000l\000e\000t\000\040\000F\000o\000r\000m\000a\000t\000i\000o\000n}{section.4.4}% 36
\BOOKMARK [2][-]{subsection.4.4.2}{\376\377\000O\000n\000g\000l\000e\000t\000\040\000S\000t\000a\000g\000i\000a\000i\000r\000e\000s}{section.4.4}% 37
\BOOKMARK [2][-]{subsection.4.4.3}{\376\377\000O\000n\000g\000l\000e\000t\000\040\000S\000u\000i\000v\000i\000\040\000d\000e\000\040\000f\000o\000r\000m\000a\000t\000i\000o\000n}{section.4.4}% 38
\BOOKMARK [2][-]{subsection.4.4.4}{\376\377\000O\000n\000g\000l\000e\000t\000\040\000M\000o\000n\000t\000a\000g\000e\000\040\000f\000i\000n\000a\000n\000c\000i\000e\000r}{section.4.4}% 39
\BOOKMARK [2][-]{subsection.4.4.5}{\376\377\000O\000n\000g\000l\000e\000t\000\040\000T\000i\000e\000r\000s\000\040\000b\000\351\000n\000\351\000f\000i\000c\000i\000a\000i\000r\000e\000s}{section.4.4}% 40
\BOOKMARK [2][-]{subsection.4.4.6}{\376\377\000O\000n\000g\000l\000e\000t\000\040\000R\000\350\000g\000l\000e\000m\000e\000n\000t\000s}{section.4.4}% 41
\BOOKMARK [2][-]{subsection.4.4.7}{\376\377\000O\000n\000g\000l\000e\000t\000\040\000D\000o\000c\000u\000m\000e\000n\000t\000s}{section.4.4}% 42
\BOOKMARK [2][-]{subsection.4.4.8}{\376\377\000O\000n\000g\000l\000e\000t\000\040\000H\000i\000s\000t\000o\000r\000i\000q\000u\000e}{section.4.4}% 43
\BOOKMARK [1][-]{section.4.5}{\376\377\000H\000i\000s\000t\000o\000r\000i\000q\000u\000e\000\040\000d\000e\000s\000\040\000m\000o\000d\000i\000f\000i\000c\000a\000t\000i\000o\000n\000s\000\040\000c\000o\000n\000c\000e\000r\000n\000a\000n\000t\000\040\000l\000e\000s\000\040\000a\000d\000h\000\351\000r\000e\000n\000t\000s}{chapter.4}% 44
\BOOKMARK [2][-]{subsection.4.5.1}{\376\377\000L\000i\000s\000t\000e\000\040\000d\000e\000s\000\040\000a\000d\000h\000\351\000r\000e\000n\000t\000s}{section.4.5}% 45
\BOOKMARK [2][-]{subsection.4.5.2}{\376\377\000F\000i\000c\000h\000e\000\040\000a\000d\000h\000\351\000r\000e\000n\000t}{section.4.5}% 46
\BOOKMARK [2][-]{subsection.4.5.3}{\376\377\000O\000n\000g\000l\000e\000t\000\040\000E\000m\000p\000l\000o\000y\000\351\000s}{section.4.5}% 47
\BOOKMARK [2][-]{subsection.4.5.4}{\376\377\000O\000n\000g\000l\000e\000t\000\040\000H\000i\000s\000t\000o\000r\000i\000q\000u\000e}{section.4.5}% 48
\BOOKMARK [1][-]{section.4.6}{\376\377\000H\000i\000s\000t\000o\000r\000i\000q\000u\000e\000\040\000d\000e\000s\000\040\000m\000o\000d\000i\000f\000i\000c\000a\000t\000i\000o\000n\000s\000\040\000d\000e\000s\000\040\000c\000o\000m\000p\000t\000e\000s\000\040\000u\000t\000i\000l\000i\000s\000a\000t\000e\000u\000r\000s}{chapter.4}% 49
\BOOKMARK [2][-]{subsection.4.6.1}{\376\377\000D\000\351\000m\000a\000r\000c\000h\000e\000\040\000d\000e\000\040\000m\000i\000s\000e\000\040\000e\000n\000\040\001\123\000u\000v\000r\000e}{section.4.6}% 50
\BOOKMARK [2][-]{subsection.4.6.2}{\376\377\000R\000\351\000s\000u\000l\000t\000a\000t}{section.4.6}% 51
\BOOKMARK [1][-]{section.4.7}{\376\377\000D\000\351\000f\000i\000s\000\040\000t\000e\000c\000h\000n\000i\000q\000u\000e\000s\000\040\000r\000e\000n\000c\000o\000n\000t\000r\000\351\000s}{chapter.4}% 52
\BOOKMARK [2][-]{subsection.4.7.1}{\376\377\000M\000o\000d\000\350\000l\000e\000s\000\040\000n\000o\000n\000\040\000r\000a\000t\000t\000a\000c\000h\000\351\000s\000\040\000a\000u\000\040\000s\000y\000s\000t\000\350\000m\000e\000\040\000d\000e\000\040\000s\000n\000a\000p\000s\000h\000o\000t}{section.4.7}% 53
\BOOKMARK [2][-]{subsection.4.7.2}{\376\377\000R\000e\000l\000a\000t\000i\000o\000n\000s\000\040\000M\000a\000n\000y\000-\000t\000o\000-\000M\000a\000n\000y}{section.4.7}% 54
\BOOKMARK [2][-]{subsection.4.7.3}{\376\377\000R\000\351\000s\000o\000l\000u\000t\000i\000o\000n\000\040\000d\000e\000s\000\040\000d\000o\000n\000n\000\351\000e\000s\000\040\000d\000e\000\040\000r\000\351\000f\000\351\000r\000e\000n\000c\000e}{section.4.7}% 55
\BOOKMARK [2][-]{subsection.4.7.4}{\376\377\000C\000o\000h\000\351\000r\000e\000n\000c\000e\000\040\000e\000n\000t\000r\000e\000\040\000d\000o\000n\000n\000\351\000e\000s\000\040\000d\000u\000p\000l\000i\000q\000u\000\351\000e\000s}{section.4.7}% 56
\BOOKMARK [2][-]{subsection.4.7.5}{\376\377\000F\000u\000s\000i\000o\000n\000\040\000d\000'\000\351\000v\000\351\000n\000e\000m\000e\000n\000t\000s\000\040\000l\000i\000\351\000s}{section.4.7}% 57
\BOOKMARK [1][-]{section.4.8}{\376\377\000D\000\351\000v\000e\000l\000o\000p\000p\000e\000m\000e\000n\000t\000\040\000f\000r\000o\000n\000t\000e\000n\000d}{chapter.4}% 58
\BOOKMARK [2][-]{subsection.4.8.1}{\376\377\000C\000o\000m\000p\000o\000s\000a\000n\000t\000\040\000r\000\351\000u\000t\000i\000l\000i\000s\000a\000b\000l\000e\000\040\000t\000a\000b\000-\000c\000h\000a\000n\000g\000e\000s}{section.4.8}% 59
\BOOKMARK [2][-]{subsection.4.8.2}{\376\377\000R\000e\000g\000r\000o\000u\000p\000e\000m\000e\000n\000t\000\040\000t\000h\000\351\000m\000a\000t\000i\000q\000u\000e\000\040\000e\000t\000\040\000l\000a\000b\000e\000l\000s}{section.4.8}% 60
\BOOKMARK [2][-]{subsection.4.8.3}{\376\377\000D\000i\000s\000t\000i\000n\000c\000t\000i\000o\000n\000\040\000v\000i\000s\000u\000e\000l\000l\000e\000\040\000d\000e\000s\000\040\000t\000y\000p\000e\000s\000\040\000d\000e\000\040\000m\000o\000d\000i\000f\000i\000c\000a\000t\000i\000o\000n}{section.4.8}% 61
\BOOKMARK [2][-]{subsection.4.8.4}{\376\377\000G\000e\000s\000t\000i\000o\000n\000\040\000d\000e\000s\000\040\000c\000a\000s\000\040\000p\000a\000r\000t\000i\000c\000u\000l\000i\000e\000r\000s\000\040\000d\000'\000a\000f\000f\000i\000c\000h\000a\000g\000e}{section.4.8}% 62
\BOOKMARK [2][-]{subsection.4.8.5}{\376\377\000R\000\351\000u\000t\000i\000l\000i\000s\000a\000b\000i\000l\000i\000t\000\351\000\040\000d\000e\000\040\000l\000'\000a\000r\000c\000h\000i\000t\000e\000c\000t\000u\000r\000e}{section.4.8}% 63
\BOOKMARK [1][-]{section.4.9}{\376\377\000M\000\351\000t\000h\000o\000d\000o\000l\000o\000g\000i\000e\000\040\000d\000e\000\040\000d\000\351\000b\000o\000g\000a\000g\000e}{chapter.4}% 64
\BOOKMARK [0][-]{chapter.5}{\376\377\000C\000o\000m\000p\000\351\000t\000e\000n\000c\000e\000s\000\040\000e\000t\000\040\000a\000p\000p\000r\000e\000n\000t\000i\000s\000s\000a\000g\000e\000s}{}% 65
\BOOKMARK [1][-]{section.5.1}{\376\377\000C\000o\000m\000p\000\351\000t\000e\000n\000c\000e\000s\000\040\000t\000e\000c\000h\000n\000i\000q\000u\000e\000s\000\040\000a\000c\000q\000u\000i\000s\000e\000s}{chapter.5}% 66
\BOOKMARK [1][-]{section.5.2}{\376\377\000C\000o\000m\000p\000\351\000t\000e\000n\000c\000e\000s\000\040\000m\000\351\000t\000h\000o\000d\000o\000l\000o\000g\000i\000q\000u\000e\000s}{chapter.5}% 67
\BOOKMARK [1][-]{section.5.3}{\376\377\000C\000o\000m\000p\000\351\000t\000e\000n\000c\000e\000s\000\040\000t\000r\000a\000n\000s\000v\000e\000r\000s\000a\000l\000e\000s}{chapter.5}% 68
\BOOKMARK [0][-]{chapter.6}{\376\377\000D\000i\000f\000f\000i\000c\000u\000l\000t\000\351\000s\000\040\000r\000e\000n\000c\000o\000n\000t\000r\000\351\000e\000s\000\040\000e\000t\000\040\000s\000o\000l\000u\000t\000i\000o\000n\000s\000\040\000a\000p\000p\000o\000r\000t\000\351\000e\000s}{}% 69
\BOOKMARK [1][-]{section.6.1}{\376\377\000M\000o\000n\000t\000\351\000e\000\040\000e\000n\000\040\000c\000o\000m\000p\000\351\000t\000e\000n\000c\000e\000\040\000s\000u\000r\000\040\000u\000n\000\040\000e\000x\000i\000s\000t\000a\000n\000t\000\040\000c\000o\000m\000p\000l\000e\000x\000e}{chapter.6}% 70
\BOOKMARK [1][-]{section.6.2}{\376\377\000C\000o\000o\000r\000d\000i\000n\000a\000t\000i\000o\000n\000\040\000e\000n\000t\000r\000e\000\040\000d\000e\000u\000x\000\040\000\351\000q\000u\000i\000p\000e\000s}{chapter.6}% 71
\BOOKMARK [1][-]{section.6.3}{\376\377\000E\000n\000v\000i\000r\000o\000n\000n\000e\000m\000e\000n\000t\000\040\000d\000e\000\040\000d\000\351\000v\000e\000l\000o\000p\000p\000e\000m\000e\000n\000t\000\040\000\340\000\040\000d\000\351\000p\000e\000n\000d\000a\000n\000c\000e\000s\000\040\000e\000x\000t\000e\000r\000n\000e\000s}{chapter.6}% 72
\BOOKMARK [0][-]{chapter*.69}{\376\377\000C\000o\000n\000c\000l\000u\000s\000i\000o\000n}{}% 73
\BOOKMARK [0][-]{chapter*.70}{\376\377\000B\000i\000b\000l\000i\000o\000g\000r\000a\000p\000h\000i\000e\000\040\000/\000\040\000W\000e\000b\000o\000g\000r\000a\000p\000h\000i\000e}{}% 74
